INFO: mock.py version 6.3 starting (python version = 3.12.9, NVR = mock-6.3-1.el10_0), args: /usr/libexec/mock/mock -r epel-10-x86_64 --enable-network --addrepo /opt/awx-rpm-v2/rpmbuilds/24.6.1/RPMS/ --resultdir /opt/awx-rpm-v2/rpmbuilds/24.6.1/RPMS-TMP/ --no-clean /opt/awx-rpm-v2/rpmbuilds/24.6.1/SRPMS/python3-openid-3.2.0-1.el10.src.rpm --rpmbuild-opts=--nocheck --no-cleanup-after
Start(bootstrap): init plugins
INFO: selinux enabled
Finish(bootstrap): init plugins
Start: init plugins
INFO: selinux enabled
Finish: init plugins
INFO: Signal handler active
Start: run
INFO: Start(/opt/awx-rpm-v2/rpmbuilds/24.6.1/SRPMS/python3-openid-3.2.0-1.el10.src.rpm)  Config(rhel+epel-10-x86_64)
Mock Version: 6.3
INFO: Mock Version: 6.3
Start(bootstrap): chroot init
INFO: calling preinit hooks
INFO: enabled root cache
INFO: enabled package manager cache
Start(bootstrap): cleaning package manager metadata
Finish(bootstrap): cleaning package manager metadata
INFO: Package manager dnf4 detected and used (fallback)
Finish(bootstrap): chroot init
Start: chroot init
INFO: calling preinit hooks
INFO: enabled root cache
INFO: enabled package manager cache
Start: cleaning package manager metadata
Finish: cleaning package manager metadata
INFO: enabled HW Info plugin
INFO: Package manager dnf4 detected and used (direct choice)
INFO: Buildroot is handled by package management downloaded with a bootstrap image:
  rpm-4.19.1.1-12.el10.x86_64
  rpm-sequoia-1.6.0-6.el10.x86_64
  python3-dnf-4.20.0-12.el10_0.noarch
  python3-dnf-plugins-core-4.7.0-8.el10.noarch
  yum-4.20.0-12.el10_0.noarch
Start: installing minimal buildroot with dnf
No matches found for the following disable plugin patterns: local, spacewalk, versionlock
Updating Subscription Management repositories.
Unable to read consumer identity

This system is not registered with an entitlement server. You can use subscription-manager to register.

/opt/awx-rpm-v2/rpmbuilds/24.6.1/RPMS/                                                     [===                                                                                   ] ---  B/s |   0  B     --:-- ETA/opt/awx-rpm-v2/rpmbuilds/24.6.1/RPMS/                                                                                                                                              1.5 MB/s | 1.5 kB     00:00    
Red Hat Enterprise Linux 10 for x86_64 - BaseOS (RPMs)                                     [===                                                                                   ] ---  B/s |   0  B     --:-- ETARed Hat Enterprise Linux 10 for x86_64 - BaseOS (RPMs)                                     [   ===                                                                                ] ---  B/s |   0  B     --:-- ETARed Hat Enterprise Linux 10 for x86_64 - BaseOS (RPMs)                                 33% [============================-                                                         ]  12 MB/s | 3.5 MB     00:00 ETARed Hat Enterprise Linux 10 for x86_64 - BaseOS (RPMs)                                 94% [=================================================================================     ]  12 MB/s | 9.9 MB     00:00 ETARed Hat Enterprise Linux 10 for x86_64 - BaseOS (RPMs)                                                                                                                              9.5 MB/s |  10 MB     00:01    
Red Hat Enterprise Linux 10 for x86_64 - AppStream (RPMs)                                  [      ===                                                                             ] ---  B/s |   0  B     --:-- ETARed Hat Enterprise Linux 10 for x86_64 - AppStream (RPMs)                                  [         ===                                                                          ] ---  B/s |   0  B     --:-- ETARed Hat Enterprise Linux 10 for x86_64 - AppStream (RPMs)                                                                                                                           4.5 MB/s | 2.8 MB     00:00    
Red Hat CodeReady Linux Builder for RHEL 10 x86_64 (RPMs)                                  [            ===                                                                       ] ---  B/s |   0  B     --:-- ETARed Hat CodeReady Linux Builder for RHEL 10 x86_64 (RPMs)                                  [               ===                                                                    ] ---  B/s |   0  B     --:-- ETARed Hat CodeReady Linux Builder for RHEL 10 x86_64 (RPMs)                                  [                  ===                                                                 ] ---  B/s |   0  B     --:-- ETARed Hat CodeReady Linux Builder for RHEL 10 x86_64 (RPMs)                                                                                                                           958 kB/s | 668 kB     00:00    
Extra Packages for Enterprise Linux 10 - x86_64                                            [                     ===                                                              ] ---  B/s |   0  B     --:-- ETAExtra Packages for Enterprise Linux 10 - x86_64                                         4% [====                                                                                  ] 745 kB/s | 247 kB     00:06 ETAExtra Packages for Enterprise Linux 10 - x86_64                                                                                                                                     8.7 MB/s | 5.0 MB     00:00    
Error: Problems in request:
missing groups or modules: nodejs:18
ERROR: Exception(/opt/awx-rpm-v2/rpmbuilds/24.6.1/SRPMS/python3-openid-3.2.0-1.el10.src.rpm) Config(rhel+epel-10-x86_64) 0 minutes 6 seconds
INFO: Results and/or logs in: /opt/awx-rpm-v2/rpmbuilds/24.6.1/RPMS-TMP/
ERROR: Command failed: 
 # /usr/bin/systemd-nspawn -q -M 812fff6e671646c1b77d86fdf3cd3fb8 -D /var/lib/mock/rhel+epel-10-x86_64-bootstrap/root -a --capability=cap_ipc_lock --bind=/tmp/mock-resolv.asn0tk8_:/etc/resolv.conf --console=pipe --setenv=TERM=vt100 --setenv=SHELL=/bin/bash --setenv=HOME=/var/lib/mock/rhel+epel-10-x86_64/root/installation-homedir --setenv=HOSTNAME=mock --setenv=PATH=/usr/bin:/bin:/usr/sbin:/sbin '--setenv=PROMPT_COMMAND=printf "\033]0;<mock-chroot>\007"' '--setenv=PS1=<mock-chroot> \s-\v\$ ' --setenv=LANG=C.UTF-8 --setenv=LC_MESSAGES=C.UTF-8 --resolv-conf=off /usr/bin/dnf-3 --installroot /var/lib/mock/rhel+epel-10-x86_64/root/ -y --releasever 10 --setopt=deltarpm=False --setopt=allow_vendor_change=yes --allowerasing --disableplugin=local --disableplugin=spacewalk --disableplugin=versionlock module enable nodejs:18 --setopt=tsflags=nocontexts
No matches found for the following disable plugin patterns: local, spacewalk, versionlock
Updating Subscription Management repositories.
Unable to read consumer identity

This system is not registered with an entitlement server. You can use subscription-manager to register.

/opt/awx-rpm-v2/rpmbuilds/24.6.1/RPMS/                                                                                                                                              1.5 MB/s | 1.5 kB     00:00    
Red Hat Enterprise Linux 10 for x86_64 - BaseOS (RPMs)                                                                                                                              9.5 MB/s |  10 MB     00:01    
Red Hat Enterprise Linux 10 for x86_64 - AppStream (RPMs)                                                                                                                           4.5 MB/s | 2.8 MB     00:00    
Red Hat CodeReady Linux Builder for RHEL 10 x86_64 (RPMs)                                                                                                                           958 kB/s | 668 kB     00:00    
Extra Packages for Enterprise Linux 10 - x86_64                                                                                                                                     8.7 MB/s | 5.0 MB     00:00    
Error: Problems in request:
missing groups or modules: nodejs:18

Directory walk started
Directory walk done - 0 packages
Temporary output repo path: /opt/awx-rpm-v2/rpmbuilds/24.6.1/RPMS/.repodata/
Pool started (with 5 workers)
Pool finished
INFO: mock.py version 6.3 starting (python version = 3.12.9, NVR = mock-6.3-1.el10_0), args: /usr/libexec/mock/mock -r epel-10-x86_64 --clean
Start(bootstrap): init plugins
INFO: selinux enabled
Finish(bootstrap): init plugins
Start: init plugins
INFO: selinux enabled
Finish: init plugins
INFO: Signal handler active
Start: run
Start: clean chroot
Finish: clean chroot
Finish: run
