INFO: mock.py version 6.3 starting (python version = 3.12.9, NVR = mock-6.3-1.el10_0), args: /usr/libexec/mock/mock -r epel-10-x86_64 --enable-network --addrepo /opt/awx-rpm-v2/rpmbuilds/24.6.1/RPMS/ --resultdir /opt/awx-rpm-v2/rpmbuilds/24.6.1/RPMS-TMP/ --no-clean /opt/awx-rpm-v2/rpmbuilds/24.6.1/SRPMS/python3-saml-1.16.0-1.el10.src.rpm --rpmbuild-opts=--nocheck --no-cleanup-after
Start(bootstrap): init plugins
INFO: selinux enabled
Finish(bootstrap): init plugins
Start: init plugins
INFO: selinux enabled
Finish: init plugins
INFO: Signal handler active
Start: run
INFO: Start(/opt/awx-rpm-v2/rpmbuilds/24.6.1/SRPMS/python3-saml-1.16.0-1.el10.src.rpm)  Config(rhel+epel-10-x86_64)
Mock Version: 6.3
INFO: Mock Version: 6.3
Start(bootstrap): chroot init
INFO: calling preinit hooks
INFO: enabled root cache
INFO: enabled package manager cache
Start(bootstrap): cleaning package manager metadata
Finish(bootstrap): cleaning package manager metadata
INFO: Package manager dnf4 detected and used (fallback)
Finish(bootstrap): chroot init
Start: chroot init
INFO: calling preinit hooks
INFO: enabled root cache
INFO: enabled package manager cache
Start: cleaning package manager metadata
Finish: cleaning package manager metadata
INFO: enabled HW Info plugin
INFO: Package manager dnf4 detected and used (direct choice)
INFO: Buildroot is handled by package management downloaded with a bootstrap image:
  rpm-4.19.1.1-12.el10.x86_64
  rpm-sequoia-1.6.0-6.el10.x86_64
  python3-dnf-4.20.0-12.el10_0.noarch
  python3-dnf-plugins-core-4.7.0-8.el10.noarch
  yum-4.20.0-12.el10_0.noarch
Start: installing minimal buildroot with dnf
No matches found for the following disable plugin patterns: local, spacewalk, versionlock
Updating Subscription Management repositories.
Unable to read consumer identity

This system is not registered with an entitlement server. You can use subscription-manager to register.

/opt/awx-rpm-v2/rpmbuilds/24.6.1/RPMS/                                                     [===                                                                                   ] ---  B/s |   0  B     --:-- ETA/opt/awx-rpm-v2/rpmbuilds/24.6.1/RPMS/                                                                                                                                              9.0 kB/s | 123  B     00:00    
Red Hat Enterprise Linux 10 for x86_64 - BaseOS (RPMs)                                     [===                                                                                   ] ---  B/s |   0  B     --:-- ETARed Hat Enterprise Linux 10 for x86_64 - BaseOS (RPMs)                                     [   ===                                                                                ] ---  B/s |   0  B     --:-- ETARed Hat Enterprise Linux 10 for x86_64 - BaseOS (RPMs)                                 22% [===================                                                                   ] 7.7 MB/s | 2.3 MB     00:01 ETA